TrivialCPU: Test Completed Successfuly
TrivialCPU cpu Finished after 1000 issued reads, 1000 returned (104054 clocks)
 cpu.pendCycle : Accumulator : Sum.u64 = 15058; SumSQ.u64 = 17310; Count.u64 = 104054; Min.u64 = 0; Max.u64 = 3; 
 l1cache.TotalEventsReceived : Accumulator : Sum.u64 = 1522; SumSQ.u64 = 1522; Count.u64 = 1522; Min.u64 = 1; Max.u64 = 1; 
 l1cache.TotalEventsReplayed : Accumulator : Sum.u64 = 3; SumSQ.u64 = 3; Count.u64 = 3; Min.u64 = 1; Max.u64 = 1; 
 l1cache.TotalNoncacheableEventsReceived : Accumulator : Sum.u64 = 0; SumSQ.u64 = 0; Count.u64 = 0; Min.u64 = 0; Max.u64 = 0; 
 l1cache.CacheHits : Accumulator : Sum.u64 = 478; SumSQ.u64 = 478; Count.u64 = 478; Min.u64 = 1; Max.u64 = 1; 
 l1cache.GetSHit_Arrival : Accumulator : Sum.u64 = 436; SumSQ.u64 = 436; Count.u64 = 436; Min.u64 = 1; Max.u64 = 1; 
 l1cache.GetXHit_Arrival : Accumulator : Sum.u64 = 39; SumSQ.u64 = 39; Count.u64 = 39; Min.u64 = 1; Max.u64 = 1; 
 l1cache.GetSXHit_Arrival : Accumulator : Sum.u64 = 0; SumSQ.u64 = 0; Count.u64 = 0; Min.u64 = 0; Max.u64 = 0; 
 l1cache.GetSHit_Blocked : Accumulator : Sum.u64 = 2; SumSQ.u64 = 2; Count.u64 = 2; Min.u64 = 1; Max.u64 = 1; 
 l1cache.GetXHit_Blocked : Accumulator : Sum.u64 = 1; SumSQ.u64 = 1; Count.u64 = 1; Min.u64 = 1; Max.u64 = 1; 
 l1cache.GetSXHit_Blocked : Accumulator : Sum.u64 = 0; SumSQ.u64 = 0; Count.u64 = 0; Min.u64 = 0; Max.u64 = 0; 
 l1cache.CacheMisses : Accumulator : Sum.u64 = 522; SumSQ.u64 = 522; Count.u64 = 522; Min.u64 = 1; Max.u64 = 1; 
 l1cache.GetSMiss_Arrival : Accumulator : Sum.u64 = 465; SumSQ.u64 = 465; Count.u64 = 465; Min.u64 = 1; Max.u64 = 1; 
 l1cache.GetXMiss_Arrival : Accumulator : Sum.u64 = 57; SumSQ.u64 = 57; Count.u64 = 57; Min.u64 = 1; Max.u64 = 1; 
 l1cache.GetSXMiss_Arrival : Accumulator : Sum.u64 = 0; SumSQ.u64 = 0; Count.u64 = 0; Min.u64 = 0; Max.u64 = 0; 
 l1cache.GetSMiss_Blocked : Accumulator : Sum.u64 = 0; SumSQ.u64 = 0; Count.u64 = 0; Min.u64 = 0; Max.u64 = 0; 
 l1cache.GetXMiss_Blocked : Accumulator : Sum.u64 = 0; SumSQ.u64 = 0; Count.u64 = 0; Min.u64 = 0; Max.u64 = 0; 
 l1cache.GetSXMiss_Blocked : Accumulator : Sum.u64 = 0; SumSQ.u64 = 0; Count.u64 = 0; Min.u64 = 0; Max.u64 = 0; 
 l1cache.GetS_recv : Accumulator : Sum.u64 = 903; SumSQ.u64 = 903; Count.u64 = 903; Min.u64 = 1; Max.u64 = 1; 
 l1cache.GetX_recv : Accumulator : Sum.u64 = 97; SumSQ.u64 = 97; Count.u64 = 97; Min.u64 = 1; Max.u64 = 1; 
 l1cache.GetSX_recv : Accumulator : Sum.u64 = 0; SumSQ.u64 = 0; Count.u64 = 0; Min.u64 = 0; Max.u64 = 0; 
 l1cache.GetSResp_recv : Accumulator : Sum.u64 = 0; SumSQ.u64 = 0; Count.u64 = 0; Min.u64 = 0; Max.u64 = 0; 
 l1cache.GetXResp_recv : Accumulator : Sum.u64 = 522; SumSQ.u64 = 522; Count.u64 = 522; Min.u64 = 1; Max.u64 = 1; 
 l1cache.PutS_recv : Accumulator : Sum.u64 = 0; SumSQ.u64 = 0; Count.u64 = 0; Min.u64 = 0; Max.u64 = 0; 
 l1cache.PutM_recv : Accumulator : Sum.u64 = 0; SumSQ.u64 = 0; Count.u64 = 0; Min.u64 = 0; Max.u64 = 0; 
 l1cache.PutE_recv : Accumulator : Sum.u64 = 0; SumSQ.u64 = 0; Count.u64 = 0; Min.u64 = 0; Max.u64 = 0; 
 l1cache.FetchInv_recv : Accumulator : Sum.u64 = 0; SumSQ.u64 = 0; Count.u64 = 0; Min.u64 = 0; Max.u64 = 0; 
 l1cache.FetchInvX_recv : Accumulator : Sum.u64 = 0; SumSQ.u64 = 0; Count.u64 = 0; Min.u64 = 0; Max.u64 = 0; 
 l1cache.Inv_recv : Accumulator : Sum.u64 = 0; SumSQ.u64 = 0; Count.u64 = 0; Min.u64 = 0; Max.u64 = 0; 
 l1cache.NACK_recv : Accumulator : Sum.u64 = 0; SumSQ.u64 = 0; Count.u64 = 0; Min.u64 = 0; Max.u64 = 0; 
 l1cache.MSHR_occupancy : Accumulator : Sum.u64 = 24216; SumSQ.u64 = 26988; Count.u64 = 208108; Min.u64 = 0; Max.u64 = 3; 
 l1cache.Bank_conflicts : Accumulator : Sum.u64 = 0; SumSQ.u64 = 0; Count.u64 = 0; Min.u64 = 0; Max.u64 = 0; 
 l1cache.evict_I : Accumulator : Sum.u64 = 0; SumSQ.u64 = 0; Count.u64 = 0; Min.u64 = 0; Max.u64 = 0; 
 l1cache.evict_E : Accumulator : Sum.u64 = 0; SumSQ.u64 = 0; Count.u64 = 0; Min.u64 = 0; Max.u64 = 0; 
 l1cache.evict_M : Accumulator : Sum.u64 = 77; SumSQ.u64 = 77; Count.u64 = 77; Min.u64 = 1; Max.u64 = 1; 
 l1cache.evict_IS : Accumulator : Sum.u64 = 0; SumSQ.u64 = 0; Count.u64 = 0; Min.u64 = 0; Max.u64 = 0; 
 l1cache.evict_IM : Accumulator : Sum.u64 = 0; SumSQ.u64 = 0; Count.u64 = 0; Min.u64 = 0; Max.u64 = 0; 
 l1cache.evict_IB : Accumulator : Sum.u64 = 0; SumSQ.u64 = 0; Count.u64 = 0; Min.u64 = 0; Max.u64 = 0; 
 l1cache.evict_SB : Accumulator : Sum.u64 = 0; SumSQ.u64 = 0; Count.u64 = 0; Min.u64 = 0; Max.u64 = 0; 
 l1cache.latency_GetS_IS : Accumulator : Sum.u64 = 21532; SumSQ.u64 = 997288; Count.u64 = 465; Min.u64 = 46; Max.u64 = 48; 
 l1cache.latency_GetS_M : Accumulator : Sum.u64 = 0; SumSQ.u64 = 0; Count.u64 = 0; Min.u64 = 0; Max.u64 = 0; 
 l1cache.latency_GetX_IM : Accumulator : Sum.u64 = 2634; SumSQ.u64 = 121740; Count.u64 = 57; Min.u64 = 46; Max.u64 = 48; 
 l1cache.latency_GetX_SM : Accumulator : Sum.u64 = 0; SumSQ.u64 = 0; Count.u64 = 0; Min.u64 = 0; Max.u64 = 0; 
 l1cache.latency_GetX_M : Accumulator : Sum.u64 = 0; SumSQ.u64 = 0; Count.u64 = 0; Min.u64 = 0; Max.u64 = 0; 
 l1cache.latency_GetSX_IM : Accumulator : Sum.u64 = 0; SumSQ.u64 = 0; Count.u64 = 0; Min.u64 = 0; Max.u64 = 0; 
 l1cache.latency_GetSX_SM : Accumulator : Sum.u64 = 0; SumSQ.u64 = 0; Count.u64 = 0; Min.u64 = 0; Max.u64 = 0; 
 l1cache.latency_GetSX_M : Accumulator : Sum.u64 = 0; SumSQ.u64 = 0; Count.u64 = 0; Min.u64 = 0; Max.u64 = 0; 
 l1cache.EventStalledForLockedCacheline : Accumulator : Sum.u64 = 0; SumSQ.u64 = 0; Count.u64 = 0; Min.u64 = 0; Max.u64 = 0; 
 l1cache.evict_S : Accumulator : Sum.u64 = 381; SumSQ.u64 = 381; Count.u64 = 381; Min.u64 = 1; Max.u64 = 1; 
 l1cache.evict_SM : Accumulator : Sum.u64 = 0; SumSQ.u64 = 0; Count.u64 = 0; Min.u64 = 0; Max.u64 = 0; 
 l1cache.stateEvent_GetS_I : Accumulator : Sum.u64 = 465; SumSQ.u64 = 465; Count.u64 = 465; Min.u64 = 1; Max.u64 = 1; 
 l1cache.stateEvent_GetS_S : Accumulator : Sum.u64 = 346; SumSQ.u64 = 346; Count.u64 = 346; Min.u64 = 1; Max.u64 = 1; 
 l1cache.stateEvent_GetS_M : Accumulator : Sum.u64 = 92; SumSQ.u64 = 92; Count.u64 = 92; Min.u64 = 1; Max.u64 = 1; 
 l1cache.stateEvent_GetX_I : Accumulator : Sum.u64 = 57; SumSQ.u64 = 57; Count.u64 = 57; Min.u64 = 1; Max.u64 = 1; 
 l1cache.stateEvent_GetX_S : Accumulator : Sum.u64 = 34; SumSQ.u64 = 34; Count.u64 = 34; Min.u64 = 1; Max.u64 = 1; 
 l1cache.stateEvent_GetX_M : Accumulator : Sum.u64 = 6; SumSQ.u64 = 6; Count.u64 = 6; Min.u64 = 1; Max.u64 = 1; 
 l1cache.stateEvent_GetSX_I : Accumulator : Sum.u64 = 0; SumSQ.u64 = 0; Count.u64 = 0; Min.u64 = 0; Max.u64 = 0; 
 l1cache.stateEvent_GetSX_S : Accumulator : Sum.u64 = 0; SumSQ.u64 = 0; Count.u64 = 0; Min.u64 = 0; Max.u64 = 0; 
 l1cache.stateEvent_GetSX_M : Accumulator : Sum.u64 = 0; SumSQ.u64 = 0; Count.u64 = 0; Min.u64 = 0; Max.u64 = 0; 
 l1cache.stateEvent_GetSResp_IS : Accumulator : Sum.u64 = 0; SumSQ.u64 = 0; Count.u64 = 0; Min.u64 = 0; Max.u64 = 0; 
 l1cache.stateEvent_GetXResp_IS : Accumulator : Sum.u64 = 465; SumSQ.u64 = 465; Count.u64 = 465; Min.u64 = 1; Max.u64 = 1; 
 l1cache.stateEvent_GetXResp_IM : Accumulator : Sum.u64 = 57; SumSQ.u64 = 57; Count.u64 = 57; Min.u64 = 1; Max.u64 = 1; 
 l1cache.stateEvent_GetXResp_SM : Accumulator : Sum.u64 = 0; SumSQ.u64 = 0; Count.u64 = 0; Min.u64 = 0; Max.u64 = 0; 
 l1cache.stateEvent_Inv_I : Accumulator : Sum.u64 = 0; SumSQ.u64 = 0; Count.u64 = 0; Min.u64 = 0; Max.u64 = 0; 
 l1cache.stateEvent_Inv_S : Accumulator : Sum.u64 = 0; SumSQ.u64 = 0; Count.u64 = 0; Min.u64 = 0; Max.u64 = 0; 
 l1cache.stateEvent_Inv_IS : Accumulator : Sum.u64 = 0; SumSQ.u64 = 0; Count.u64 = 0; Min.u64 = 0; Max.u64 = 0; 
 l1cache.stateEvent_Inv_IM : Accumulator : Sum.u64 = 0; SumSQ.u64 = 0; Count.u64 = 0; Min.u64 = 0; Max.u64 = 0; 
 l1cache.stateEvent_Inv_SM : Accumulator : Sum.u64 = 0; SumSQ.u64 = 0; Count.u64 = 0; Min.u64 = 0; Max.u64 = 0; 
 l1cache.stateEvent_Inv_SB : Accumulator : Sum.u64 = 0; SumSQ.u64 = 0; Count.u64 = 0; Min.u64 = 0; Max.u64 = 0; 
 l1cache.stateEvent_Inv_IB : Accumulator : Sum.u64 = 0; SumSQ.u64 = 0; Count.u64 = 0; Min.u64 = 0; Max.u64 = 0; 
 l1cache.stateEvent_FetchInvX_I : Accumulator : Sum.u64 = 0; SumSQ.u64 = 0; Count.u64 = 0; Min.u64 = 0; Max.u64 = 0; 
 l1cache.stateEvent_FetchInvX_M : Accumulator : Sum.u64 = 0; SumSQ.u64 = 0; Count.u64 = 0; Min.u64 = 0; Max.u64 = 0; 
 l1cache.stateEvent_FetchInvX_IS : Accumulator : Sum.u64 = 0; SumSQ.u64 = 0; Count.u64 = 0; Min.u64 = 0; Max.u64 = 0; 
 l1cache.stateEvent_FetchInvX_IM : Accumulator : Sum.u64 = 0; SumSQ.u64 = 0; Count.u64 = 0; Min.u64 = 0; Max.u64 = 0; 
 l1cache.stateEvent_FetchInvX_SB : Accumulator : Sum.u64 = 0; SumSQ.u64 = 0; Count.u64 = 0; Min.u64 = 0; Max.u64 = 0; 
 l1cache.stateEvent_FetchInvX_IB : Accumulator : Sum.u64 = 0; SumSQ.u64 = 0; Count.u64 = 0; Min.u64 = 0; Max.u64 = 0; 
 l1cache.stateEvent_Fetch_I : Accumulator : Sum.u64 = 0; SumSQ.u64 = 0; Count.u64 = 0; Min.u64 = 0; Max.u64 = 0; 
 l1cache.stateEvent_Fetch_S : Accumulator : Sum.u64 = 0; SumSQ.u64 = 0; Count.u64 = 0; Min.u64 = 0; Max.u64 = 0; 
 l1cache.stateEvent_Fetch_IS : Accumulator : Sum.u64 = 0; SumSQ.u64 = 0; Count.u64 = 0; Min.u64 = 0; Max.u64 = 0; 
 l1cache.stateEvent_Fetch_IM : Accumulator : Sum.u64 = 0; SumSQ.u64 = 0; Count.u64 = 0; Min.u64 = 0; Max.u64 = 0; 
 l1cache.stateEvent_Fetch_SM : Accumulator : Sum.u64 = 0; SumSQ.u64 = 0; Count.u64 = 0; Min.u64 = 0; Max.u64 = 0; 
 l1cache.stateEvent_Fetch_IB : Accumulator : Sum.u64 = 0; SumSQ.u64 = 0; Count.u64 = 0; Min.u64 = 0; Max.u64 = 0; 
 l1cache.stateEvent_Fetch_SB : Accumulator : Sum.u64 = 0; SumSQ.u64 = 0; Count.u64 = 0; Min.u64 = 0; Max.u64 = 0; 
 l1cache.stateEvent_FetchInv_I : Accumulator : Sum.u64 = 0; SumSQ.u64 = 0; Count.u64 = 0; Min.u64 = 0; Max.u64 = 0; 
 l1cache.stateEvent_FetchInv_S : Accumulator : Sum.u64 = 0; SumSQ.u64 = 0; Count.u64 = 0; Min.u64 = 0; Max.u64 = 0; 
 l1cache.stateEvent_FetchInv_M : Accumulator : Sum.u64 = 0; SumSQ.u64 = 0; Count.u64 = 0; Min.u64 = 0; Max.u64 = 0; 
 l1cache.stateEvent_FetchInv_IS : Accumulator : Sum.u64 = 0; SumSQ.u64 = 0; Count.u64 = 0; Min.u64 = 0; Max.u64 = 0; 
 l1cache.stateEvent_FetchInv_IM : Accumulator : Sum.u64 = 0; SumSQ.u64 = 0; Count.u64 = 0; Min.u64 = 0; Max.u64 = 0; 
 l1cache.stateEvent_FetchInv_SM : Accumulator : Sum.u64 = 0; SumSQ.u64 = 0; Count.u64 = 0; Min.u64 = 0; Max.u64 = 0; 
 l1cache.stateEvent_FetchInv_SB : Accumulator : Sum.u64 = 0; SumSQ.u64 = 0; Count.u64 = 0; Min.u64 = 0; Max.u64 = 0; 
 l1cache.stateEvent_FetchInv_IB : Accumulator : Sum.u64 = 0; SumSQ.u64 = 0; Count.u64 = 0; Min.u64 = 0; Max.u64 = 0; 
 l1cache.stateEvent_FlushLine_I : Accumulator : Sum.u64 = 0; SumSQ.u64 = 0; Count.u64 = 0; Min.u64 = 0; Max.u64 = 0; 
 l1cache.stateEvent_FlushLine_S : Accumulator : Sum.u64 = 0; SumSQ.u64 = 0; Count.u64 = 0; Min.u64 = 0; Max.u64 = 0; 
 l1cache.stateEvent_FlushLine_M : Accumulator : Sum.u64 = 0; SumSQ.u64 = 0; Count.u64 = 0; Min.u64 = 0; Max.u64 = 0; 
 l1cache.stateEvent_FlushLine_IS : Accumulator : Sum.u64 = 0; SumSQ.u64 = 0; Count.u64 = 0; Min.u64 = 0; Max.u64 = 0; 
 l1cache.stateEvent_FlushLine_IM : Accumulator : Sum.u64 = 0; SumSQ.u64 = 0; Count.u64 = 0; Min.u64 = 0; Max.u64 = 0; 
 l1cache.stateEvent_FlushLine_SM : Accumulator : Sum.u64 = 0; SumSQ.u64 = 0; Count.u64 = 0; Min.u64 = 0; Max.u64 = 0; 
 l1cache.stateEvent_FlushLine_IB : Accumulator : Sum.u64 = 0; SumSQ.u64 = 0; Count.u64 = 0; Min.u64 = 0; Max.u64 = 0; 
 l1cache.stateEvent_FlushLine_SB : Accumulator : Sum.u64 = 0; SumSQ.u64 = 0; Count.u64 = 0; Min.u64 = 0; Max.u64 = 0; 
 l1cache.stateEvent_FlushLineInv_I : Accumulator : Sum.u64 = 0; SumSQ.u64 = 0; Count.u64 = 0; Min.u64 = 0; Max.u64 = 0; 
 l1cache.stateEvent_FlushLineInv_S : Accumulator : Sum.u64 = 0; SumSQ.u64 = 0; Count.u64 = 0; Min.u64 = 0; Max.u64 = 0; 
 l1cache.stateEvent_FlushLineInv_M : Accumulator : Sum.u64 = 0; SumSQ.u64 = 0; Count.u64 = 0; Min.u64 = 0; Max.u64 = 0; 
 l1cache.stateEvent_FlushLineInv_IS : Accumulator : Sum.u64 = 0; SumSQ.u64 = 0; Count.u64 = 0; Min.u64 = 0; Max.u64 = 0; 
 l1cache.stateEvent_FlushLineInv_IM : Accumulator : Sum.u64 = 0; SumSQ.u64 = 0; Count.u64 = 0; Min.u64 = 0; Max.u64 = 0; 
 l1cache.stateEvent_FlushLineInv_SM : Accumulator : Sum.u64 = 0; SumSQ.u64 = 0; Count.u64 = 0; Min.u64 = 0; Max.u64 = 0; 
 l1cache.stateEvent_FlushLineInv_IB : Accumulator : Sum.u64 = 0; SumSQ.u64 = 0; Count.u64 = 0; Min.u64 = 0; Max.u64 = 0; 
 l1cache.stateEvent_FlushLineInv_SB : Accumulator : Sum.u64 = 0; SumSQ.u64 = 0; Count.u64 = 0; Min.u64 = 0; Max.u64 = 0; 
 l1cache.stateEvent_FlushLineResp_I : Accumulator : Sum.u64 = 0; SumSQ.u64 = 0; Count.u64 = 0; Min.u64 = 0; Max.u64 = 0; 
 l1cache.stateEvent_FlushLineResp_IB : Accumulator : Sum.u64 = 0; SumSQ.u64 = 0; Count.u64 = 0; Min.u64 = 0; Max.u64 = 0; 
 l1cache.stateEvent_FlushLineResp_SB : Accumulator : Sum.u64 = 0; SumSQ.u64 = 0; Count.u64 = 0; Min.u64 = 0; Max.u64 = 0; 
 l1cache.eventSent_GetS : Accumulator : Sum.u64 = 465; SumSQ.u64 = 465; Count.u64 = 465; Min.u64 = 1; Max.u64 = 1; 
 l1cache.eventSent_GetX : Accumulator : Sum.u64 = 57; SumSQ.u64 = 57; Count.u64 = 57; Min.u64 = 1; Max.u64 = 1; 
 l1cache.eventSent_GetSX : Accumulator : Sum.u64 = 0; SumSQ.u64 = 0; Count.u64 = 0; Min.u64 = 0; Max.u64 = 0; 
 l1cache.eventSent_PutM : Accumulator : Sum.u64 = 77; SumSQ.u64 = 77; Count.u64 = 77; Min.u64 = 1; Max.u64 = 1; 
 l1cache.eventSent_NACK_down : Accumulator : Sum.u64 = 0; SumSQ.u64 = 0; Count.u64 = 0; Min.u64 = 0; Max.u64 = 0; 
 l1cache.eventSent_FlushLine : Accumulator : Sum.u64 = 0; SumSQ.u64 = 0; Count.u64 = 0; Min.u64 = 0; Max.u64 = 0; 
 l1cache.eventSent_FlushLineInv : Accumulator : Sum.u64 = 0; SumSQ.u64 = 0; Count.u64 = 0; Min.u64 = 0; Max.u64 = 0; 
 l1cache.eventSent_FetchResp : Accumulator : Sum.u64 = 0; SumSQ.u64 = 0; Count.u64 = 0; Min.u64 = 0; Max.u64 = 0; 
 l1cache.eventSent_FetchXResp : Accumulator : Sum.u64 = 0; SumSQ.u64 = 0; Count.u64 = 0; Min.u64 = 0; Max.u64 = 0; 
 l1cache.eventSent_AckInv : Accumulator : Sum.u64 = 0; SumSQ.u64 = 0; Count.u64 = 0; Min.u64 = 0; Max.u64 = 0; 
 l1cache.eventSent_GetSResp : Accumulator : Sum.u64 = 903; SumSQ.u64 = 903; Count.u64 = 903; Min.u64 = 1; Max.u64 = 1; 
 l1cache.eventSent_GetXResp : Accumulator : Sum.u64 = 97; SumSQ.u64 = 97; Count.u64 = 97; Min.u64 = 1; Max.u64 = 1; 
 l1cache.eventSent_FlushLineResp : Accumulator : Sum.u64 = 0; SumSQ.u64 = 0; Count.u64 = 0; Min.u64 = 0; Max.u64 = 0; 
 l1cache.stateEvent_AckPut_I : Accumulator : Sum.u64 = 0; SumSQ.u64 = 0; Count.u64 = 0; Min.u64 = 0; Max.u64 = 0; 
 l1cache.eventSent_PutS : Accumulator : Sum.u64 = 0; SumSQ.u64 = 0; Count.u64 = 0; Min.u64 = 0; Max.u64 = 0; 
 l1cache.eventSent_PutE : Accumulator : Sum.u64 = 0; SumSQ.u64 = 0; Count.u64 = 0; Min.u64 = 0; Max.u64 = 0; 
 memory.requests_received_GetS : Accumulator : Sum.u64 = 465; SumSQ.u64 = 465; Count.u64 = 465; Min.u64 = 1; Max.u64 = 1; 
 memory.requests_received_GetSX : Accumulator : Sum.u64 = 0; SumSQ.u64 = 0; Count.u64 = 0; Min.u64 = 0; Max.u64 = 0; 
 memory.requests_received_GetX : Accumulator : Sum.u64 = 57; SumSQ.u64 = 57; Count.u64 = 57; Min.u64 = 1; Max.u64 = 1; 
 memory.requests_received_PutM : Accumulator : Sum.u64 = 77; SumSQ.u64 = 77; Count.u64 = 77; Min.u64 = 1; Max.u64 = 1; 
 memory.outstanding_requests : Accumulator : Sum.u64 = 12656; SumSQ.u64 = 17254; Count.u64 = 104054; Min.u64 = 0; Max.u64 = 3; 
 memory.latency_GetS : Accumulator : Sum.u64 = 9836; SumSQ.u64 = 208118; Count.u64 = 465; Min.u64 = 21; Max.u64 = 22; 
 memory.latency_GetSX : Accumulator : Sum.u64 = 0; SumSQ.u64 = 0; Count.u64 = 0; Min.u64 = 0; Max.u64 = 0; 
 memory.latency_GetX : Accumulator : Sum.u64 = 1203; SumSQ.u64 = 25395; Count.u64 = 57; Min.u64 = 21; Max.u64 = 22; 
 memory.latency_PutM : Accumulator : Sum.u64 = 1617; SumSQ.u64 = 33957; Count.u64 = 77; Min.u64 = 21; Max.u64 = 21; 
 memory.cycles_with_issue : Accumulator : Sum.u64 = 599; SumSQ.u64 = 599; Count.u64 = 599; Min.u64 = 1; Max.u64 = 1; 
 memory.cycles_attempted_issue_but_rejected : Accumulator : Sum.u64 = 0; SumSQ.u64 = 0; Count.u64 = 0; Min.u64 = 0; Max.u64 = 0; 
 memory.total_cycles : Accumulator : Sum.u64 = 104054; SumSQ.u64 = 10827234916; Count.u64 = 1; Min.u64 = 104054; Max.u64 = 104054; 
Simulation is complete, simulated time: 104.054 us
